// Jest Snapshot v1, https://goo.gl/fbAQLP

exports[`Weather renders correctly 1`] = `
<div
  className="icon"
>
  
</div>
`;
